01-straight	proved (1 functions)
02-if-return	proved (1 functions)
03-for-break	proved (1 functions)
04-while-continue	proved (1 functions)
05-labeled-continue	proved (1 functions)
06-defer-not-tail	unproved: defer inside a loop is not modelled (main.go:10)
07-goto-out	proved (1 functions)
08-goto-in	proved (1 functions)
09-shadow-param	proved (1 functions)
10-closure-capture	proved (1 functions)
11-address-taken	proved (1 functions)
12-switch-break	proved (1 functions)
13-results	proved (1 functions)
14-named-bare-return	proved (1 functions)
15-recover-tail	proved (1 functions)
16-fallthrough	proved (1 functions)
17-loop-carried	proved (1 functions)
18-defer-in-loop-body	unproved: defer inside a loop is not modelled (main.go:7)
19-alias-outside-closure	proved (1 functions)
20-alias-outside-pointer	proved (1 functions)
21-inside-funclit	proved (1 functions)
22-local-type-outside	unproved: package declarations differ: added type point
23-param-captured	proved (1 functions)
24-waitgroup	proved (1 functions)
25-redeclare-aliased	proved (1 functions)
26-type-declared-in-R	unproved: package declarations differ: added type pair
27-return-in-loop	proved (1 functions)
28-mixed-signals	proved (1 functions)
29-goto-out-signal	proved (1 functions)
30-select-break	proved (1 functions)
31-declared-before-escape	proved (1 functions)
32-defer-order	unproved: defer inside a loop is not modelled (main.go:11)
33-defer-arg-eval	unproved: defer inside a loop is not modelled (main.go:10)
34-defer-recover-nontail	proved (1 functions)
35-defer-method-values	unproved: defer inside a loop is not modelled (main.go:17)
36-defer-panic-runs-cleanup	unproved: defer inside a loop is not modelled (main.go:12)
37-defer-builtin-variadic	unproved: defer inside a loop is not modelled (main.go:13)
38-return-multivalue-signal	proved (1 functions)
39-range-inside-statement	proved (1 functions)
40-defer-untyped-args	unproved: defer inside a loop is not modelled (main.go:11)
41-defer-multivalue-arg	unproved: defer inside a loop is not modelled (main.go:12)
42-shared-declaration	proved (1 functions)
43-redeclare-in-funclit	proved (1 functions)
44-generic	unproved: the change adds example.extracted, a generic function (not modelled yet)
45-named-results-clash	proved (1 functions)
46-retry-into-funclit	proved (1 functions)
